// Jest Snapshot v1, https://goo.gl/fbAQLP

exports[`Element Radio matches snapshot 1`] = `
<label
  className="Radio"
>
  <input
    checked={false}
    className="Radio__control"
    name="Name"
    onChange={[Function]}
    type="radio"
    value="Foo"
  />
</label>
`;
