// Jest Snapshot v1, https://goo.gl/fbAQLP

exports[`Element Button matches snapshot 1`] = `
<button
  className="button"
  disabled={false}
  onClick={[MockFunction]}
>
  Button
</button>
`;
