// Jest Snapshot v1, https://goo.gl/fbAQLP

exports[`Element Icon matches snapshot 1`] = `
<p>
  ðŸ¤¤
</p>
`;
